Archive member included to satisfy reference by file (symbol)

A:/Softwares/ST/STM32CubeIDE_1.13.0/STM32CubeIDE/plugins/com.st.stm32cube.ide.mcu.externaltools.gnu-tools-for-stm32.11.3.rel1.win32_1.1.0.202305231506/tools/bin/../lib/gcc/arm-none-eabi/11.3.1/../../../../arm-none-eabi/lib/thumb/v7e-m+fp/hard\libc_nano.a(libc_a-exit.o)
                              A:/Softwares/ST/STM32CubeIDE_1.13.0/STM32CubeIDE/plugins/com.st.stm32cube.ide.mcu.externaltools.gnu-tools-for-stm32.11.3.rel1.win32_1.1.0.202305231506/tools/bin/../lib/gcc/arm-none-eabi/11.3.1/../../../../arm-none-eabi/lib/thumb/v7e-m+fp/hard/crt0.o (exit)
A:/Softwares/ST/STM32CubeIDE_1.13.0/STM32CubeIDE/plugins/com.st.stm32cube.ide.mcu.externaltools.gnu-tools-for-stm32.11.3.rel1.win32_1.1.0.202305231506/tools/bin/../lib/gcc/arm-none-eabi/11.3.1/../../../../arm-none-eabi/lib/thumb/v7e-m+fp/hard\libc_nano.a(libc_a-findfp.o)
                              A:/Softwares/ST/STM32CubeIDE_1.13.0/STM32CubeIDE/plugins/com.st.stm32cube.ide.mcu.externaltools.gnu-tools-for-stm32.11.3.rel1.win32_1.1.0.202305231506/tools/bin/../lib/gcc/arm-none-eabi/11.3.1/../../../../arm-none-eabi/lib/thumb/v7e-m+fp/hard\libc_nano.a(libc_a-exit.o) (__stdio_exit_handler)
A:/Softwares/ST/STM32CubeIDE_1.13.0/STM32CubeIDE/plugins/com.st.stm32cube.ide.mcu.externaltools.gnu-tools-for-stm32.11.3.rel1.win32_1.1.0.202305231506/tools/bin/../lib/gcc/arm-none-eabi/11.3.1/../../../../arm-none-eabi/lib/thumb/v7e-m+fp/hard\libc_nano.a(libc_a-fwalk.o)
                              A:/Softwares/ST/STM32CubeIDE_1.13.0/STM32CubeIDE/plugins/com.st.stm32cube.ide.mcu.externaltools.gnu-tools-for-stm32.11.3.rel1.win32_1.1.0.202305231506/tools/bin/../lib/gcc/arm-none-eabi/11.3.1/../../../../arm-none-eabi/lib/thumb/v7e-m+fp/hard\libc_nano.a(libc_a-findfp.o) (_fwalk_sglue)
A:/Softwares/ST/STM32CubeIDE_1.13.0/STM32CubeIDE/plugins/com.st.stm32cube.ide.mcu.externaltools.gnu-tools-for-stm32.11.3.rel1.win32_1.1.0.202305231506/tools/bin/../lib/gcc/arm-none-eabi/11.3.1/../../../../arm-none-eabi/lib/thumb/v7e-m+fp/hard\libc_nano.a(libc_a-stdio.o)
                              A:/Softwares/ST/STM32CubeIDE_1.13.0/STM32CubeIDE/plugins/com.st.stm32cube.ide.mcu.externaltools.gnu-tools-for-stm32.11.3.rel1.win32_1.1.0.202305231506/tools/bin/../lib/gcc/arm-none-eabi/11.3.1/../../../../arm-none-eabi/lib/thumb/v7e-m+fp/hard\libc_nano.a(libc_a-findfp.o) (__sread)
A:/Softwares/ST/STM32CubeIDE_1.13.0/STM32CubeIDE/plugins/com.st.stm32cube.ide.mcu.externaltools.gnu-tools-for-stm32.11.3.rel1.win32_1.1.0.202305231506/tools/bin/../lib/gcc/arm-none-eabi/11.3.1/../../../../arm-none-eabi/lib/thumb/v7e-m+fp/hard\libc_nano.a(libc_a-memset.o)
                              A:/Softwares/ST/STM32CubeIDE_1.13.0/STM32CubeIDE/plugins/com.st.stm32cube.ide.mcu.externaltools.gnu-tools-for-stm32.11.3.rel1.win32_1.1.0.202305231506/tools/bin/../lib/gcc/arm-none-eabi/11.3.1/../../../../arm-none-eabi/lib/thumb/v7e-m+fp/hard/crt0.o (memset)
A:/Softwares/ST/STM32CubeIDE_1.13.0/STM32CubeIDE/plugins/com.st.stm32cube.ide.mcu.externaltools.gnu-tools-for-stm32.11.3.rel1.win32_1.1.0.202305231506/tools/bin/../lib/gcc/arm-none-eabi/11.3.1/../../../../arm-none-eabi/lib/thumb/v7e-m+fp/hard\libc_nano.a(libc_a-closer.o)
                              A:/Softwares/ST/STM32CubeIDE_1.13.0/STM32CubeIDE/plugins/com.st.stm32cube.ide.mcu.externaltools.gnu-tools-for-stm32.11.3.rel1.win32_1.1.0.202305231506/tools/bin/../lib/gcc/arm-none-eabi/11.3.1/../../../../arm-none-eabi/lib/thumb/v7e-m+fp/hard\libc_nano.a(libc_a-stdio.o) (_close_r)
A:/Softwares/ST/STM32CubeIDE_1.13.0/STM32CubeIDE/plugins/com.st.stm32cube.ide.mcu.externaltools.gnu-tools-for-stm32.11.3.rel1.win32_1.1.0.202305231506/tools/bin/../lib/gcc/arm-none-eabi/11.3.1/../../../../arm-none-eabi/lib/thumb/v7e-m+fp/hard\libc_nano.a(libc_a-reent.o)
                              A:/Softwares/ST/STM32CubeIDE_1.13.0/STM32CubeIDE/plugins/com.st.stm32cube.ide.mcu.externaltools.gnu-tools-for-stm32.11.3.rel1.win32_1.1.0.202305231506/tools/bin/../lib/gcc/arm-none-eabi/11.3.1/../../../../arm-none-eabi/lib/thumb/v7e-m+fp/hard\libc_nano.a(libc_a-closer.o) (errno)
A:/Softwares/ST/STM32CubeIDE_1.13.0/STM32CubeIDE/plugins/com.st.stm32cube.ide.mcu.externaltools.gnu-tools-for-stm32.11.3.rel1.win32_1.1.0.202305231506/tools/bin/../lib/gcc/arm-none-eabi/11.3.1/../../../../arm-none-eabi/lib/thumb/v7e-m+fp/hard\libc_nano.a(libc_a-impure.o)
                              A:/Softwares/ST/STM32CubeIDE_1.13.0/STM32CubeIDE/plugins/com.st.stm32cube.ide.mcu.externaltools.gnu-tools-for-stm32.11.3.rel1.win32_1.1.0.202305231506/tools/bin/../lib/gcc/arm-none-eabi/11.3.1/../../../../arm-none-eabi/lib/thumb/v7e-m+fp/hard\libc_nano.a(libc_a-reent.o) (_impure_ptr)
A:/Softwares/ST/STM32CubeIDE_1.13.0/STM32CubeIDE/plugins/com.st.stm32cube.ide.mcu.externaltools.gnu-tools-for-stm32.11.3.rel1.win32_1.1.0.202305231506/tools/bin/../lib/gcc/arm-none-eabi/11.3.1/../../../../arm-none-eabi/lib/thumb/v7e-m+fp/hard\libc_nano.a(libc_a-lseekr.o)
[...]
Memory Configuration

Name             Origin             Length             Attributes
RAM              0x0000000020000000 0x0000000000020000 xrw
FLASH            0x0000000008000000 0x0000000000080000 xr
*default*        0x0000000000000000 0xffffffffffffffff

Linker script and memory map

LOAD A:/Softwares/ST/STM32CubeIDE_1.13.0/STM32CubeIDE/plugins/com.st.stm32cube.ide.mcu.externaltools.gnu-tools-for-stm32.11.3.rel1.win32_1.1.0.202305231506/tools/bin/../lib/gcc/arm-none-eabi/11.3.1/thumb/v7e-m+fp/hard/crti.o
LOAD A:/Softwares/ST/STM32CubeIDE_1.13.0/STM32CubeIDE/plugins/com.st.stm32cube.ide.mcu.externaltools.gnu-tools-for-stm32.11.3.rel1.win32_1.1.0.202305231506/tools/bin/../lib/gcc/arm-none-eabi/11.3.1/thumb/v7e-m+fp/hard/crtbegin.o
LOAD A:/Softwares/ST/STM32CubeIDE_1.13.0/STM32CubeIDE/plugins/com.st.stm32cube.ide.mcu.externaltools.gnu-tools-for-stm32.11.3.rel1.win32_1.1.0.202305231506/tools/bin/../lib/gcc/arm-none-eabi/11.3.1/../../../../arm-none-eabi/lib/thumb/v7e-m+fp/hard/crt0.o
LOAD ./Core/Src/gpio.o
LOAD ./Core/Src/i2c.o
LOAD ./Core/Src/main.o
LOAD ./Core/Src/sht31.o
LOAD ./Core/Src/stm32f4xx_hal_msp.o
LOAD ./Core/Src/stm32f4xx_it.o
LOAD ./Core/Src/syscalls.o
LOAD ./Core/Src/sysmem.o
LOAD ./Core/Src/system_stm32f4xx.o
LOAD ./Core/Src/usart.o
LOAD ./Core/Startup/startup_stm32f446retx.o
LOAD ./Drivers/STM32F4xx_HAL_Driver/Src/stm32f4xx_hal.o
LOAD ./Drivers/STM32F4xx_HAL_Driver/Src/stm32f4xx_hal_cortex.o
LOAD ./Drivers/STM32F4xx_HAL_Driver/Src/stm32f4xx_hal_dma.o
LOAD ./Drivers/STM32F4xx_HAL_Driver/Src/stm32f4xx_hal_dma_ex.o
LOAD ./Drivers/STM32F4xx_HAL_Driver/Src/stm32f4xx_hal_exti.o
LOAD ./Drivers/STM32F4xx_HAL_Driver/Src/stm32f4xx_hal_flash.o
LOAD ./Drivers/STM32F4xx_HAL_Driver/Src/stm32f4xx_hal_flash_ex.o
LOAD ./Drivers/STM32F4xx_HAL_Driver/Src/stm32f4xx_hal_flash_ramfunc.o
LOAD ./Drivers/STM32F4xx_HAL_Driver/Src/stm32f4xx_hal_gpio.o
LOAD ./Drivers/STM32F4xx_HAL_Driver/Src/stm32f4xx_hal_i2c.o
LOAD ./Drivers/STM32F4xx_HAL_Driver/Src/stm32f4xx_hal_i2c_ex.o
LOAD ./Drivers/STM32F4xx_HAL_Driver/Src/stm32f4xx_hal_pwr.o
LOAD ./Drivers/STM32F4xx_HAL_Driver/Src/stm32f4xx_hal_pwr_ex.o
LOAD ./Drivers/STM32F4xx_HAL_Driver/Src/stm32f4xx_hal_rcc.o
LOAD ./Drivers/STM32F4xx_HAL_Driver/Src/stm32f4xx_hal_rcc_ex.o
LOAD ./Drivers/STM32F4xx_HAL_Driver/Src/stm32f4xx_hal_tim.o
LOAD ./Drivers/STM32F4xx_HAL_Driver/Src/stm32f4xx_hal_tim_ex.o
LOAD ./Drivers/STM32F4xx_HAL_Driver/Src/stm32f4xx_hal_uart.o
START GROUP
LOAD A:/Softwares/ST/STM32CubeIDE_1.13.0/STM32CubeIDE/plugins/com.st.stm32cube.ide.mcu.externaltools.gnu-tools-for-stm32.11.3.rel1.win32_1.1.0.202305231506/tools/bin/../lib/gcc/arm-none-eabi/11.3.1/../../../../arm-none-eabi/lib/thumb/v7e-m+fp/hard\libc_nano.a
LOAD A:/Softwares/ST/STM32CubeIDE_1.13.0/STM32CubeIDE/plugins/com.st.stm32cube.ide.mcu.externaltools.gnu-tools-for-stm32.11.3.rel1.win32_1.1.0.202305231506/tools/bin/../lib/gcc/arm-none-eabi/11.3.1/../../../../arm-none-eabi/lib/thumb/v7e-m+fp/hard\libm.a
END GROUP
START GROUP
LOAD A:/Softwares/ST/STM32CubeIDE_1.13.0/STM32CubeIDE/plugins/com.st.stm32cube.ide.mcu.externaltools.gnu-tools-for-stm32.11.3.rel1.win32_1.1.0.202305231506/tools/bin/../lib/gcc/arm-none-eabi/11.3.1/thumb/v7e-m+fp/hard\libgcc.a
LOAD A:/Softwares/ST/STM32CubeIDE_1.13.0/STM32CubeIDE/plugins/com.st.stm32cube.ide.mcu.externaltools.gnu-tools-for-stm32.11.3.rel1.win32_1.1.0.202305231506/tools/bin/../lib/gcc/arm-none-eabi/11.3.1/../../../../arm-none-eabi/lib/thumb/v7e-m+fp/hard\libc_nano.a
END GROUP
START GROUP
LOAD A:/Softwares/ST/STM32CubeIDE_1.13.0/STM32CubeIDE/plugins/com.st.stm32cube.ide.mcu.externaltools.gnu-tools-for-stm32.11.3.rel1.win32_1.1.0.202305231506/tools/bin/../lib/gcc/arm-none-eabi/11.3.1/thumb/v7e-m+fp/hard\libgcc.a
LOAD A:/Softwares/ST/STM32CubeIDE_1.13.0/STM32CubeIDE/plugins/com.st.stm32cube.ide.mcu.externaltools.gnu-tools-for-stm32.11.3.rel1.win32_1.1.0.202305231506/tools/bin/../lib/gcc/arm-none-eabi/11.3.1/../../../../arm-none-eabi/lib/thumb/v7e-m+fp/hard\libc_nano.a
LOAD A:/Softwares/ST/STM32CubeIDE_1.13.0/STM32CubeIDE/plugins/com.st.stm32cube.ide.mcu.externaltools.gnu-tools-for-stm32.11.3.rel1.win32_1.1.0.202305231506/tools/bin/../lib/gcc/arm-none-eabi/11.3.1/../../../../arm-none-eabi/lib/thumb/v7e-m+fp/hard\libnosys.a
END GROUP
START GROUP
LOAD A:/Softwares/ST/STM32CubeIDE_1.13.0/STM32CubeIDE/plugins/com.st.stm32cube.ide.mcu.externaltools.gnu-tools-for-stm32.11.3.rel1.win32_1.1.0.202305231506/tools/bin/../lib/gcc/arm-none-eabi/11.3.1/thumb/v7e-m+fp/hard\libgcc.a
LOAD A:/Softwares/ST/STM32CubeIDE_1.13.0/STM32CubeIDE/plugins/com.st.stm32cube.ide.mcu.externaltools.gnu-tools-for-stm32.11.3.rel1.win32_1.1.0.202305231506/tools/bin/../lib/gcc/arm-none-eabi/11.3.1/../../../../arm-none-eabi/lib/thumb/v7e-m+fp/hard\libc_nano.a
LOAD A:/Softwares/ST/STM32CubeIDE_1.13.0/STM32CubeIDE/plugins/com.st.stm32cube.ide.mcu.externaltools.gnu-tools-for-stm32.11.3.rel1.win32_1.1.0.202305231506/tools/bin/../lib/gcc/arm-none-eabi/11.3.1/../../../../arm-none-eabi/lib/thumb/v7e-m+fp/hard\libnosys.a
END GROUP
LOAD A:/Softwares/ST/STM32CubeIDE_1.13.0/STM32CubeIDE/plugins/com.st.stm32cube.ide.mcu.externaltools.gnu-tools-for-stm32.11.3.rel1.win32_1.1.0.202305231506/tools/bin/../lib/gcc/arm-none-eabi/11.3.1/thumb/v7e-m+fp/hard/crtend.o
LOAD A:/Softwares/ST/STM32CubeIDE_1.13.0/STM32CubeIDE/plugins/com.st.stm32cube.ide.mcu.externaltools.gnu-tools-for-stm32.11.3.rel1.win32_1.1.0.202305231506/tools/bin/../lib/gcc/arm-none-eabi/11.3.1/thumb/v7e-m+fp/hard/crtn.o
                0x0000000020020000                _estack = (ORIGIN (RAM) + LENGTH (RAM))
                0x0000000000000200                _Min_Heap_Size = 0x200
                0x0000000000000400                _Min_Stack_Size = 0x400

.isr_vector     0x0000000008000000      0x1c4
                0x0000000008000000                . = ALIGN (0x4)
 *(.isr_vector)
 .isr_vector    0x0000000008000000      0x1c4 ./Core/Startup/startup_stm32f446retx.o
                0x0000000008000000                g_pfnVectors
                0x00000000080001c4                . = ALIGN (0x4)

.text           0x00000000080001c8     0x3bcc
                0x00000000080001c8                . = ALIGN (0x4)
 *(.text)
 .text          0x00000000080001c8       0x40 A:/Softwares/ST/STM32CubeIDE_1.13.0/STM32CubeIDE/plugins/com.st.stm32cube.ide.mcu.externaltools.gnu-tools-for-stm32.11.3.rel1.win32_1.1.0.202305231506/tools/bin/../lib/gcc/arm-none-eabi/11.3.1/thumb/v7e-m+fp/hard/crtbegin.o
 .text          0x0000000008000208      0x378 A:/Softwares/ST/STM32CubeIDE_1.13.0/STM32CubeIDE/plugins/com.st.stm32cube.ide.mcu.externaltools.gnu-tools-for-stm32.11.3.rel1.win32_1.1.0.202305231506/tools/bin/../lib/gcc/arm-none-eabi/11.3.1/thumb/v7e-m+fp/hard\libgcc.a(_arm_addsubdf3.o)
                0x0000000008000208                __aeabi_drsub
                0x0000000008000210                __aeabi_dsub
                0x0000000008000210                __subdf3
                0x0000000008000214                __aeabi_dadd
                0x0000000008000214                __adddf3
                0x000000000800048c                __floatunsidf
                0x000000000800048c                __aeabi_ui2d
                0x00000000080004ac                __floatsidf
                0x00000000080004ac                __aeabi_i2d
                0x00000000080004d0                __aeabi_f2d
                0x00000000080004d0                __extendsfdf2
                0x0000000008000514                __floatundidf
                0x0000000008000514                __aeabi_ul2d
                0x0000000008000524                __floatdidf
                0x0000000008000524                __aeabi_l2d
 .text          0x0000000008000580      0x424 A:/Softwares/ST/STM32CubeIDE_1.13.0/STM32CubeIDE/plugins/com.st.stm32cube.ide.mcu.externaltools.gnu-tools-for-stm32.11.3.rel1.win32_1.1.0.202305231506/tools/bin/../lib/gcc/arm-none-eabi/11.3.1/thumb/v7e-m+fp/hard\libgcc.a(_arm_muldivdf3.o)
                0x0000000008000580                __aeabi_dmul
                0x0000000008000580                __muldf3
                0x00000000080007d4                __divdf3
                0x00000000080007d4                __aeabi_ddiv
 .text          0x00000000080009a4       0xa0 A:/Softwares/ST/STM32CubeIDE_1.13.0/STM32CubeIDE/plugins/com.st.stm32cube.ide.mcu.externaltools.gnu-tools-for-stm32.11.3.rel1.win32_1.1.0.202305231506/tools/bin/../lib/gcc/arm-none-eabi/11.3.1/thumb/v7e-m+fp/hard\libgcc.a(_arm_truncdfsf2.o)
                0x00000000080009a4                __truncdfsf2
                0x00000000080009a4                __aeabi_d2f
 .text          0x0000000008000a44       0x30 A:/Softwares/ST/STM32CubeIDE_1.13.0/STM32CubeIDE/plugins/com.st.stm32cube.ide.mcu.externaltools.gnu-tools-for-stm32.11.3.rel1.win32_1.1.0.202305231506/tools/bin/../lib/gcc/arm-none-eabi/11.3.1/thumb/v7e-m+fp/hard\libgcc.a(_aeabi_uldivmod.o)
                0x0000000008000a44                __aeabi_uldivmod
 .text          0x0000000008000a74      0x2c8 A:/Softwares/ST/STM32CubeIDE_1.13.0/STM32CubeIDE/plugins/com.st.stm32cube.ide.mcu.externaltools.gnu-tools-for-stm32.11.3.rel1.win32_1.1.0.202305231506/tools/bin/../lib/gcc/arm-none-eabi/11.3.1/thumb/v7e-m+fp/hard\libgcc.a(_udivmoddi4.o)
                0x0000000008000a74                __udivmoddi4
 .text          0x0000000008000d3c        0x4 A:/Softwares/ST/STM32CubeIDE_1.13.0/STM32CubeIDE/plugins/com.st.stm32cube.ide.mcu.externaltools.gnu-tools-for-stm32.11.3.rel1.win32_1.1.0.202305231506/tools/bin/../lib/gcc/arm-none-eabi/11.3.1/thumb/v7e-m+fp/hard\libgcc.a(_dvmd_tls.o)
                0x0000000008000d3c                __aeabi_idiv0
                0x0000000008000d3c                __aeabi_ldiv0
 *(.text*)
 .text.MX_GPIO_Init
                0x0000000008000d40       0xdc ./Core/Src/gpio.o
                0x0000000008000d40                MX_GPIO_Init
 .text.MX_I2C1_Init
                0x0000000008000e1c       0x5c ./Core/Src/i2c.o
                0x0000000008000e1c                MX_I2C1_Init
 .text.HAL_I2C_MspInit
                0x0000000008000e78       0x90 ./Core/Src/i2c.o
                0x0000000008000e78                HAL_I2C_MspInit
 .text.main     0x0000000008000f08       0x6c ./Core/Src/main.o
                0x0000000008000f08                main
 .text.SystemClock_Config
                0x0000000008000f74       0xdc ./Core/Src/main.o
                0x0000000008000f74                SystemClock_Config
 .text.Error_Handler
                0x0000000008001050        0xa ./Core/Src/main.o
                0x0000000008001050                Error_Handler
 *fill*         0x000000000800105a        0x2 
 .text.SHT31_Config
                0x000000000800105c       0x44 ./Core/Src/sht31.o
                0x000000000800105c                SHT31_Config
 .text.SHT31_SendCommand
                0x00000000080010a0       0x54 ./Core/Src/sht31.o
                0x00000000080010a0                SHT31_SendCommand
 .text.SHT31_GetBytes
                0x00000000080010f4       0x44 ./Core/Src/sht31.o
                0x00000000080010f4                SHT31_GetBytes
 .text.SHT31_GetData
                0x0000000008001138      0x160 ./Core/Src/sht31.o
                0x0000000008001138                SHT31_GetData
 .text.SHT31_GetCommand
                0x0000000008001298       0x78 ./Core/Src/sht31.o
                0x0000000008001298                SHT31_GetCommand
 .text.SHT31_CRC_8
                0x0000000008001310       0x74 ./Core/Src/sht31.o
                0x0000000008001310                SHT31_CRC_8
 *fill*         0x0000000008001384        0x4 
 .text.SHT31_GetHumidity
                0x0000000008001388       0x58 ./Core/Src/sht31.o
                0x0000000008001388                SHT31_GetHumidity
 .text.SHT31_GetTemperature
                0x00000000080013e0       0x70 ./Core/Src/sht31.o
                0x00000000080013e0                SHT31_GetTemperature
 .text.HAL_MspInit
                0x0000000008001450       0x50 ./Core/Src/stm32f4xx_hal_msp.o
                0x0000000008001450                HAL_MspInit
 .text.NMI_Handler
                0x00000000080014a0        0x6 ./Core/Src/stm32f4xx_it.o
                0x00000000080014a0                NMI_Handler
 .text.HardFault_Handler
                0x00000000080014a6        0x6 ./Core/Src/stm32f4xx_it.o
                0x00000000080014a6                HardFault_Handler
 .text.MemManage_Handler
                0x00000000080014ac        0x6 ./Core/Src/stm32f4xx_it.o
                0x00000000080014ac                MemManage_Handler
 .text.BusFault_Handler
                0x00000000080014b2        0x6 ./Core/Src/stm32f4xx_it.o
                0x00000000080014b2                BusFault_Handler
 .text.UsageFault_Handler
                0x00000000080014b8        0x6 ./Core/Src/stm32f4xx_it.o
                0x00000000080014b8                UsageFault_Handler
 .text.SVC_Handler
                0x00000000080014be        0xe ./Core/Src/stm32f4xx_it.o
                0x00000000080014be                SVC_Handler
 .text.DebugMon_Handler
                0x00000000080014cc        0xe ./Core/Src/stm32f4xx_it.o
                0x00000000080014cc                DebugMon_Handler
 .text.PendSV_Handler
                0x00000000080014da        0xe ./Core/Src/stm32f4xx_it.o
                0x00000000080014da                PendSV_Handler
 .text.SysTick_Handler
                0x00000000080014e8        0xc ./Core/Src/stm32f4xx_it.o
                0x00000000080014e8                SysTick_Handler
 .text.SystemInit
                0x00000000080014f4       0x24 ./Core/Src/system_stm32f4xx.o
                0x00000000080014f4                SystemInit
 .text.MX_USART2_UART_Init
                0x0000000008001518       0x54 ./Core/Src/usart.o
                0x0000000008001518                MX_USART2_UART_Init
 .text.HAL_UART_MspInit
                0x000000000800156c       0x90 ./Core/Src/usart.o
                0x000000000800156c                HAL_UART_MspInit
 .text.Reset_Handler
                0x00000000080015fc       0x50 ./Core/Startup/startup_stm32f446retx.o
                0x00000000080015fc                Reset_Handler
 .text.Default_Handler
                0x000000000800164c        0x2 ./Core/Startup/startup_stm32f446retx.o
                0x000000000800164c                RTC_Alarm_IRQHandler
                0x000000000800164c                EXTI2_IRQHandler
                0x000000000800164c                TIM8_CC_IRQHandler
                0x000000000800164c                FMPI2C1_EV_IRQHandler
                0x000000000800164c                SPI4_IRQHandler
                0x000000000800164c                TIM1_CC_IRQHandler
                0x000000000800164c                DMA2_Stream5_IRQHandler
                0x000000000800164c                DMA1_Stream5_IRQHandler
                0x000000000800164c                PVD_IRQHandler
                0x000000000800164c                SDIO_IRQHandler
                0x000000000800164c                TAMP_STAMP_IRQHandler
                0x000000000800164c                CAN2_RX1_IRQHandler
                0x000000000800164c                EXTI3_IRQHandler
                0x000000000800164c                TIM8_TRG_COM_TIM14_IRQHandler
                0x000000000800164c                TIM1_UP_TIM10_IRQHandler
                0x000000000800164c                TIM8_UP_TIM13_IRQHandler
                0x000000000800164c                I2C3_ER_IRQHandler
                0x000000000800164c                EXTI0_IRQHandler
                0x000000000800164c                I2C2_EV_IRQHandler
                0x000000000800164c                DMA1_Stream2_IRQHandler
                0x000000000800164c                CAN1_RX0_IRQHandler
                0x000000000800164c                FPU_IRQHandler
                0x000000000800164c                OTG_HS_WKUP_IRQHandler
                0x000000000800164c                CAN2_SCE_IRQHandler
                0x000000000800164c                DMA2_Stream2_IRQHandler
                0x000000000800164c                SPI1_IRQHandler
                0x000000000800164c                TIM6_DAC_IRQHandler
                0x000000000800164c                TIM1_BRK_TIM9_IRQHandler
                0x000000000800164c                DCMI_IRQHandler
                0x000000000800164c                CAN2_RX0_IRQHandler
                0x000000000800164c                DMA2_Stream3_IRQHandler
                0x000000000800164c                SAI2_IRQHandler
                0x000000000800164c                USART6_IRQHandler
                0x000000000800164c                USART3_IRQHandler
                0x000000000800164c                CAN1_RX1_IRQHandler
                0x000000000800164c                UART5_IRQHandler
                0x000000000800164c                DMA2_Stream0_IRQHandler
                0x000000000800164c                TIM4_IRQHandler
                0x000000000800164c                QUADSPI_IRQHandler
                0x000000000800164c                I2C1_EV_IRQHandler
                0x000000000800164c                DMA1_Stream6_IRQHandler
                0x000000000800164c                DMA1_Stream1_IRQHandler
                0x000000000800164c                UART4_IRQHandler
                0x000000000800164c                TIM3_IRQHandler
                0x000000000800164c                RCC_IRQHandler
                0x000000000800164c                TIM8_BRK_TIM12_IRQHandler
                0x000000000800164c                Default_Handler
                0x000000000800164c                CEC_IRQHandler
                0x000000000800164c                EXTI15_10_IRQHandler
                0x000000000800164c                ADC_IRQHandler
                0x000000000800164c                DMA1_Stream7_IRQHandler
                0x000000000800164c                TIM7_IRQHandler
                0x000000000800164c                CAN2_TX_IRQHandler
                0x000000000800164c                TIM5_IRQHandler
                0x000000000800164c                DMA2_Stream7_IRQHandler
                0x000000000800164c                I2C3_EV_IRQHandler
                0x000000000800164c                EXTI9_5_IRQHandler
                0x000000000800164c                RTC_WKUP_IRQHandler
                0x000000000800164c                SPDIF_RX_IRQHandler
                0x000000000800164c                SPI2_IRQHandler
                0x000000000800164c                OTG_HS_EP1_IN_IRQHandler
                0x000000000800164c                DMA1_Stream0_IRQHandler
                0x000000000800164c                CAN1_TX_IRQHandler
                0x000000000800164c                FMPI2C1_ER_IRQHandler
                0x000000000800164c                EXTI4_IRQHandler
                0x000000000800164c                OTG_HS_EP1_OUT_IRQHandler
                0x000000000800164c                WWDG_IRQHandler
                0x000000000800164c                TIM2_IRQHandler
                0x000000000800164c                OTG_FS_WKUP_IRQHandler
                0x000000000800164c                TIM1_TRG_COM_TIM11_IRQHandler
                0x000000000800164c                OTG_HS_IRQHandler
                0x000000000800164c                EXTI1_IRQHandler
                0x000000000800164c                USART2_IRQHandler
                0x000000000800164c                I2C2_ER_IRQHandler
                0x000000000800164c                DMA2_Stream1_IRQHandler
                0x000000000800164c                CAN1_SCE_IRQHandler
                0x000000000800164c                FLASH_IRQHandler
                0x000000000800164c                DMA2_Stream4_IRQHandler
                0x000000000800164c                USART1_IRQHandler
                0x000000000800164c                OTG_FS_IRQHandler
                0x000000000800164c                SPI3_IRQHandler
                0x000000000800164c                DMA1_Stream4_IRQHandler
                0x000000000800164c                I2C1_ER_IRQHandler
                0x000000000800164c                FMC_IRQHandler
                0x000000000800164c                DMA2_Stream6_IRQHandler
                0x000000000800164c                SAI1_IRQHandler
                0x000000000800164c                DMA1_Stream3_IRQHandler
 *fill*         0x000000000800164e        0x2 
 .text.HAL_Init
                0x0000000008001650       0x44 ./Drivers/STM32F4xx_HAL_Driver/Src/stm32f4xx_hal.o
                0x0000000008001650                HAL_Init
 .text.HAL_InitTick
                0x0000000008001694       0x60 ./Drivers/STM32F4xx_HAL_Driver/Src/stm32f4xx_hal.o
                0x0000000008001694                HAL_InitTick
 .text.HAL_IncTick
                0x00000000080016f4       0x28 ./Drivers/STM32F4xx_HAL_Driver/Src/stm32f4xx_hal.o
                0x00000000080016f4                HAL_IncTick
 .text.HAL_GetTick
                0x000000000800171c       0x18 ./Drivers/STM32F4xx_HAL_Driver/Src/stm32f4xx_hal.o
                0x000000000800171c                HAL_GetTick
 .text.HAL_Delay
                0x0000000008001734       0x48 ./Drivers/STM32F4xx_HAL_Driver/Src/stm32f4xx_hal.o
                0x0000000008001734                HAL_Delay
 .text.__NVIC_SetPriorityGrouping
                0x000000000800177c       0x48 ./Drivers/STM32F4xx_HAL_Driver/Src/stm32f4xx_hal_cortex.o
 .text.__NVIC_GetPriorityGrouping
                0x00000000080017c4       0x1c ./Drivers/STM32F4xx_HAL_Driver/Src/stm32f4xx_hal_cortex.o
 .text.__NVIC_SetPriority
                0x00000000080017e0       0x54 ./Drivers/STM32F4xx_HAL_Driver/Src/stm32f4xx_hal_cortex.o
 .text.NVIC_EncodePriority
                0x0000000008001834       0x66 ./Drivers/STM32F4xx_HAL_Driver/Src/stm32f4xx_hal_cortex.o
 *fill*         0x000000000800189a        0x2 
 .text.SysTick_Config
                0x000000000800189c       0x44 ./Drivers/STM32F4xx_HAL_Driver/Src/stm32f4xx_hal_cortex.o
 .text.HAL_NVIC_SetPriorityGrouping
                0x00000000080018e0       0x16 ./Drivers/STM32F4xx_HAL_Driver/Src/stm32f4xx_hal_cortex.o
                0x00000000080018e0                HAL_NVIC_SetPriorityGrouping
 .text.HAL_NVIC_SetPriority
                0x00000000080018f6       0x38 ./Drivers/STM32F4xx_HAL_Driver/Src/stm32f4xx_hal_cortex.o
                0x00000000080018f6                HAL_NVIC_SetPriority
 .text.HAL_SYSTICK_Config
                0x000000000800192e       0x18 ./Drivers/STM32F4xx_HAL_Driver/Src/stm32f4xx_hal_cortex.o
                0x000000000800192e                HAL_SYSTICK_Config
 *fill*         0x0000000008001946        0x2 
 .text.HAL_GPIO_Init
                0x0000000008001948      0x328 ./Drivers/STM32F4xx_HAL_Driver/Src/stm32f4xx_hal_gpio.o
                0x0000000008001948                HAL_GPIO_Init
 .text.HAL_GPIO_WritePin
                0x0000000008001c70       0x32 ./Drivers/STM32F4xx_HAL_Driver/Src/stm32f4xx_hal_gpio.o
                0x0000000008001c70                HAL_GPIO_WritePin
 *fill*         0x0000000008001ca2        0x2 
 .text.HAL_I2C_Init
                0x0000000008001ca4      0x288 ./Drivers/STM32F4xx_HAL_Driver/Src/stm32f4xx_hal_i2c.o
                0x0000000008001ca4                HAL_I2C_Init
 .text.HAL_I2C_Master_Transmit
                0x0000000008001f2c      0x1fc ./Drivers/STM32F4xx_HAL_Driver/Src/stm32f4xx_hal_i2c.o
                0x0000000008001f2c                HAL_I2C_Master_Transmit
 .text.HAL_I2C_Master_Receive
                0x0000000008002128      0x44c ./Drivers/STM32F4xx_HAL_Driver/Src/stm32f4xx_hal_i2c.o
                0x0000000008002128                HAL_I2C_Master_Receive
 .text.I2C_MasterRequestWrite
                0x0000000008002574      0x104 ./Drivers/STM32F4xx_HAL_Driver/Src/stm32f4xx_hal_i2c.o
 .text.I2C_MasterRequestRead
                0x0000000008002678      0x19c ./Drivers/STM32F4xx_HAL_Driver/Src/stm32f4xx_hal_i2c.o
 .text.I2C_WaitOnFlagUntilTimeout
                0x0000000008002814       0xae ./Drivers/STM32F4xx_HAL_Driver/Src/stm32f4xx_hal_i2c.o
 .text.I2C_WaitOnMasterAddressFlagUntilTimeout
                0x00000000080028c2       0xfe ./Drivers/STM32F4xx_HAL_Driver/Src/stm32f4xx_hal_i2c.o
 .text.I2C_WaitOnTXEFlagUntilTimeout
                0x00000000080029c0       0x82 ./Drivers/STM32F4xx_HAL_Driver/Src/stm32f4xx_hal_i2c.o
 .text.I2C_WaitOnBTFFlagUntilTimeout
                0x0000000008002a42       0x82 ./Drivers/STM32F4xx_HAL_Driver/Src/stm32f4xx_hal_i2c.o
 .text.I2C_WaitOnRXNEFlagUntilTimeout
                0x0000000008002ac4       0xac ./Drivers/STM32F4xx_HAL_Driver/Src/stm32f4xx_hal_i2c.o
 .text.I2C_IsAcknowledgeFailed
                0x0000000008002b70       0x5e ./Drivers/STM32F4xx_HAL_Driver/Src/stm32f4xx_hal_i2c.o
 *fill*         0x0000000008002bce        0x2 
 .text.HAL_RCC_ClockConfig
                0x0000000008002bd0      0x1cc ./Drivers/STM32F4xx_HAL_Driver/Src/stm32f4xx_hal_rcc.o
                0x0000000008002bd0                HAL_RCC_ClockConfig
 .text.HAL_RCC_GetHCLKFreq
                0x0000000008002d9c       0x18 ./Drivers/STM32F4xx_HAL_Driver/Src/stm32f4xx_hal_rcc.o
                0x0000000008002d9c                HAL_RCC_GetHCLKFreq
 .text.HAL_RCC_GetPCLK1Freq
                0x0000000008002db4       0x28 ./Drivers/STM32F4xx_HAL_Driver/Src/stm32f4xx_hal_rcc.o
                0x0000000008002db4                HAL_RCC_GetPCLK1Freq
 .text.HAL_RCC_GetPCLK2Freq
                0x0000000008002ddc       0x28 ./Drivers/STM32F4xx_HAL_Driver/Src/stm32f4xx_hal_rcc.o
                0x0000000008002ddc                HAL_RCC_GetPCLK2Freq
 .text.HAL_RCC_GetSysClockFreq
                0x0000000008002e04      0x460 ./Drivers/STM32F4xx_HAL_Driver/Src/stm32f4xx_hal_rcc_ex.o
                0x0000000008002e04                HAL_RCC_GetSysClockFreq
 .text.HAL_RCC_OscConfig
                0x0000000008003264      0x53c ./Drivers/STM32F4xx_HAL_Driver/Src/stm32f4xx_hal_rcc_ex.o
                0x0000000008003264                HAL_RCC_OscConfig
 .text.HAL_UART_Init
                0x00000000080037a0       0x9a ./Drivers/STM32F4xx_HAL_Driver/Src/stm32f4xx_hal_uart.o
                0x00000000080037a0                HAL_UART_Init
 *fill*         0x000000000800383a        0x2 
 .text.UART_SetConfig
                0x000000000800383c      0x4e8 ./Drivers/STM32F4xx_HAL_Driver/Src/stm32f4xx_hal_uart.o
 .text.memset   0x0000000008003d24       0x10 A:/Softwares/ST/STM32CubeIDE_1.13.0/STM32CubeIDE/plugins/com.st.stm32cube.ide.mcu.externaltools.gnu-tools-for-stm32.11.3.rel1.win32_1.1.0.202305231506/tools/bin/../lib/gcc/arm-none-eabi/11.3.1/../../../../arm-none-eabi/lib/thumb/v7e-m+fp/hard\libc_nano.a(libc_a-memset.o)
                0x0000000008003d24                memset
 .text.__libc_init_array
                0x0000000008003d34       0x48 A:/Softwares/ST/STM32CubeIDE_1.13.0/STM32CubeIDE/plugins/com.st.stm32cube.ide.mcu.externaltools.gnu-tools-for-stm32.11.3.rel1.win32_1.1.0.202305231506/tools/bin/../lib/gcc/arm-none-eabi/11.3.1/../../../../arm-none-eabi/lib/thumb/v7e-m+fp/hard\libc_nano.a(libc_a-init.o)
                0x0000000008003d34                __libc_init_array
 *(.glue_7)
 .glue_7        0x0000000008003d7c        0x0 linker stubs
 *(.glue_7t)
 .glue_7t       0x0000000008003d7c        0x0 linker stubs
 *(.eh_frame)
 .eh_frame      0x0000000008003d7c        0x0 A:/Softwares/ST/STM32CubeIDE_1.13.0/STM32CubeIDE/plugins/com.st.stm32cube.ide.mcu.externaltools.gnu-tools-for-stm32.11.3.rel1.win32_1.1.0.202305231506/tools/bin/../lib/gcc/arm-none-eabi/11.3.1/thumb/v7e-m+fp/hard/crtbegin.o
 *(.init)
 .init          0x0000000008003d7c        0x4 A:/Softwares/ST/STM32CubeIDE_1.13.0/STM32CubeIDE/plugins/com.st.stm32cube.ide.mcu.externaltools.gnu-tools-for-stm32.11.3.rel1.win32_1.1.0.202305231506/tools/bin/../lib/gcc/arm-none-eabi/11.3.1/thumb/v7e-m+fp/hard/crti.o
                0x0000000008003d7c                _init
 .init          0x0000000008003d80        0x8 A:/Softwares/ST/STM32CubeIDE_1.13.0/STM32CubeIDE/plugins/com.st.stm32cube.ide.mcu.externaltools.gnu-tools-for-stm32.11.3.rel1.win32_1.1.0.202305231506/tools/bin/../lib/gcc/arm-none-eabi/11.3.1/thumb/v7e-m+fp/hard/crtn.o
 *(.fini)
 .fini          0x0000000008003d88        0x4 A:/Softwares/ST/STM32CubeIDE_1.13.0/STM32CubeIDE/plugins/com.st.stm32cube.ide.mcu.externaltools.gnu-tools-for-stm32.11.3.rel1.win32_1.1.0.202305231506/tools/bin/../lib/gcc/arm-none-eabi/11.3.1/thumb/v7e-m+fp/hard/crti.o
                0x0000000008003d88                _fini
 .fini          0x0000000008003d8c        0x8 A:/Softwares/ST/STM32CubeIDE_1.13.0/STM32CubeIDE/plugins/com.st.stm32cube.ide.mcu.externaltools.gnu-tools-for-stm32.11.3.rel1.win32_1.1.0.202305231506/tools/bin/../lib/gcc/arm-none-eabi/11.3.1/thumb/v7e-m+fp/hard/crtn.o
                0x0000000008003d94                . = ALIGN (0x4)
                0x0000000008003d94                _etext = .

.vfp11_veneer   0x0000000008003d94        0x0
 .vfp11_veneer  0x0000000008003d94        0x0 linker stubs

.v4_bx          0x0000000008003d94        0x0
 .v4_bx         0x0000000008003d94        0x0 linker stubs

.iplt           0x0000000008003d94        0x0
 .iplt          0x0000000008003d94        0x0 A:/Softwares/ST/STM32CubeIDE_1.13.0/STM32CubeIDE/plugins/com.st.stm32cube.ide.mcu.externaltools.gnu-tools-for-stm32.11.3.rel1.win32_1.1.0.202305231506/tools/bin/../lib/gcc/arm-none-eabi/11.3.1/thumb/v7e-m+fp/hard/crtbegin.o

.rodata         0x0000000008003d94       0x18
                0x0000000008003d94                . = ALIGN (0x4)
 *(.rodata)
 *(.rodata*)
 .rodata.AHBPrescTable
                0x0000000008003d94       0x10 ./Core/Src/system_stm32f4xx.o
                0x0000000008003d94                AHBPrescTable
 .rodata.APBPrescTable
                0x0000000008003da4        0x8 ./Core/Src/system_stm32f4xx.o
                0x0000000008003da4                APBPrescTable
                0x0000000008003dac                . = ALIGN (0x4)

.ARM.extab      0x0000000008003dac        0x0
                0x0000000008003dac                . = ALIGN (0x4)
 *(.ARM.extab* .gnu.linkonce.armextab.*)
                0x0000000008003dac                . = ALIGN (0x4)

.ARM            0x0000000008003dac        0x8
                0x0000000008003dac                . = ALIGN (0x4)
                0x0000000008003dac                __exidx_start = .
 *(.ARM.exidx*)
 .ARM.exidx     0x0000000008003dac        0x8 A:/Softwares/ST/STM32CubeIDE_1.13.0/STM32CubeIDE/plugins/com.st.stm32cube.ide.mcu.externaltools.gnu-tools-for-stm32.11.3.rel1.win32_1.1.0.202305231506/tools/bin/../lib/gcc/arm-none-eabi/11.3.1/thumb/v7e-m+fp/hard\libgcc.a(_udivmoddi4.o)
                0x0000000008003db4                __exidx_end = .
                0x0000000008003db4                . = ALIGN (0x4)

.rel.dyn        0x0000000008003db4        0x0
 .rel.iplt      0x0000000008003db4        0x0 A:/Softwares/ST/STM32CubeIDE_1.13.0/STM32CubeIDE/plugins/com.st.stm32cube.ide.mcu.externaltools.gnu-tools-for-stm32.11.3.rel1.win32_1.1.0.202305231506/tools/bin/../lib/gcc/arm-none-eabi/11.3.1/thumb/v7e-m+fp/hard/crtbegin.o

.preinit_array  0x0000000008003db4        0x0
                0x0000000008003db4                . = ALIGN (0x4)
                0x0000000008003db4                PROVIDE (__preinit_array_start = .)
 *(.preinit_array*)
                0x0000000008003db4                PROVIDE (__preinit_array_end = .)
                0x0000000008003db4                . = ALIGN (0x4)

.init_array     0x0000000008003db4        0x4
                0x0000000008003db4                . = ALIGN (0x4)
                0x0000000008003db4                PROVIDE (__init_array_start = .)
 *(SORT_BY_NAME(.init_array.*))
 *(.init_array*)
 .init_array    0x0000000008003db4        0x4 A:/Softwares/ST/STM32CubeIDE_1.13.0/STM32CubeIDE/plugins/com.st.stm32cube.ide.mcu.externaltools.gnu-tools-for-stm32.11.3.rel1.win32_1.1.0.202305231506/tools/bin/../lib/gcc/arm-none-eabi/11.3.1/thumb/v7e-m+fp/hard/crtbegin.o
                0x0000000008003db8                PROVIDE (__init_array_end = .)
                0x0000000008003db8                . = ALIGN (0x4)

.fini_array     0x0000000008003db8        0x4
                0x0000000008003db8                . = ALIGN (0x4)
                [!provide]                        PROVIDE (__fini_array_start = .)
 *(SORT_BY_NAME(.fini_array.*))
 *(.fini_array*)
 .fini_array    0x0000000008003db8        0x4 A:/Softwares/ST/STM32CubeIDE_1.13.0/STM32CubeIDE/plugins/com.st.stm32cube.ide.mcu.externaltools.gnu-tools-for-stm32.11.3.rel1.win32_1.1.0.202305231506/tools/bin/../lib/gcc/arm-none-eabi/11.3.1/thumb/v7e-m+fp/hard/crtbegin.o
                [!provide]                        PROVIDE (__fini_array_end = .)
                0x0000000008003dbc                . = ALIGN (0x4)
                0x0000000008003dbc                _sidata = LOADADDR (.data)

.data           0x0000000020000000       0x48 load address 0x0000000008003dbc
                0x0000000020000000                . = ALIGN (0x4)
                0x0000000020000000                _sdata = .
 *(.data)
 *(.data*)
 .data.MeasureSingleShotCMD
                0x0000000020000000        0xc ./Core/Src/sht31.o
                0x0000000020000000                MeasureSingleShotCMD
 .data.MeasurePeriodicCMD
                0x000000002000000c       0x1e ./Core/Src/sht31.o
                0x000000002000000c                MeasurePeriodicCMD
 *fill*         0x000000002000002a        0x2 
 .data.MilsPerMeasure
                0x000000002000002c        0xa ./Core/Src/sht31.o
                0x000000002000002c                MilsPerMeasure
 *fill*         0x0000000020000036        0x2 
 .data.MeasureTime
                0x0000000020000038        0x3 ./Core/Src/sht31.o
                0x0000000020000038                MeasureTime
 *fill*         0x000000002000003b        0x1 
 .data.SystemCoreClock
                0x000000002000003c        0x4 ./Core/Src/system_stm32f4xx.o
                0x000000002000003c                SystemCoreClock
 .data.uwTickPrio
                0x0000000020000040        0x4 ./Drivers/STM32F4xx_HAL_Driver/Src/stm32f4xx_hal.o
                0x0000000020000040                uwTickPrio
 .data.uwTickFreq
                0x0000000020000044        0x1 ./Drivers/STM32F4xx_HAL_Driver/Src/stm32f4xx_hal.o
                0x0000000020000044                uwTickFreq
 *(.RamFunc)
 *(.RamFunc*)
                0x0000000020000048                . = ALIGN (0x4)
 *fill*         0x0000000020000045        0x3 
                0x0000000020000048                _edata = .

.igot.plt       0x0000000020000048        0x0 load address 0x0000000008003e04
 .igot.plt      0x0000000020000048        0x0 A:/Softwares/ST/STM32CubeIDE_1.13.0/STM32CubeIDE/plugins/com.st.stm32cube.ide.mcu.externaltools.gnu-tools-for-stm32.11.3.rel1.win32_1.1.0.202305231506/tools/bin/../lib/gcc/arm-none-eabi/11.3.1/thumb/v7e-m+fp/hard/crtbegin.o
                0x0000000020000048                . = ALIGN (0x4)

.bss            0x0000000020000048       0xe8 load address 0x0000000008003e04
                0x0000000020000048                _sbss = .
                0x0000000020000048                __bss_start__ = _sbss
 *(.bss)
 .bss           0x0000000020000048       0x1c A:/Softwares/ST/STM32CubeIDE_1.13.0/STM32CubeIDE/plugins/com.st.stm32cube.ide.mcu.externaltools.gnu-tools-for-stm32.11.3.rel1.win32_1.1.0.202305231506/tools/bin/../lib/gcc/arm-none-eabi/11.3.1/thumb/v7e-m+fp/hard/crtbegin.o
 *(.bss*)
 .bss.hi2c1     0x0000000020000064       0x54 ./Core/Src/i2c.o
                0x0000000020000064                hi2c1
 .bss.temperature
                0x00000000200000b8        0x4 ./Core/Src/main.o
                0x00000000200000b8                temperature
 .bss.humidity  0x00000000200000bc        0x4 ./Core/Src/main.o
                0x00000000200000bc                humidity
 .bss.sht31     0x00000000200000c0       0x28 ./Core/Src/sht31.o
                0x00000000200000c0                sht31
 .bss.huart2    0x00000000200000e8       0x44 ./Core/Src/usart.o
                0x00000000200000e8                huart2
 .bss.uwTick    0x000000002000012c        0x4 ./Drivers/STM32F4xx_HAL_Driver/Src/stm32f4xx_hal.o
                0x000000002000012c                uwTick
 *(COMMON)
                0x0000000020000130                . = ALIGN (0x4)
                0x0000000020000130                _ebss = .
                0x0000000020000130                __bss_end__ = _ebss

._user_heap_stack
                0x0000000020000130      0x600 load address 0x0000000008003e04
                0x0000000020000130                . = ALIGN (0x8)
                [!provide]                        PROVIDE (end = .)
                0x0000000020000130                PROVIDE (_end = .)
                0x0000000020000330                . = (. + _Min_Heap_Size)
 *fill*         0x0000000020000130      0x200 
                0x0000000020000730                . = (. + _Min_Stack_Size)
 *fill*         0x0000000020000330      0x400 
                0x0000000020000730                . = ALIGN (0x8)

/DISCARD/
 libc.a(*)
 libm.a(*)
 libgcc.a(*)

.ARM.attributes
                0x0000000000000000       0x30
 *(.ARM.attributes)
 .ARM.attributes
                0x0000000000000000       0x1e A:/Softwares/ST/STM32CubeIDE_1.13.0/STM32CubeIDE/plugins/com.st.stm32cube.ide.mcu.externaltools.gnu-tools-for-stm32.11.3.rel1.win32_1.1.0.202305231506/tools/bin/../lib/gcc/arm-none-eabi/11.3.1/thumb/v7e-m+fp/hard/crti.o
 .ARM.attributes
                0x000000000000001e       0x34 A:/Softwares/ST/STM32CubeIDE_1.13.0/STM32CubeIDE/plugins/com.st.stm32cube.ide.mcu.externaltools.gnu-tools-for-stm32.11.3.rel1.win32_1.1.0.202305231506/tools/bin/../lib/gcc/arm-none-eabi/11.3.1/thumb/v7e-m+fp/hard/crtbegin.o
 .ARM.attributes
                0x0000000000000052       0x34 ./Core/Src/gpio.o
 .ARM.attributes
                0x0000000000000086       0x34 ./Core/Src/i2c.o
 .ARM.attributes
                0x00000000000000ba       0x34 ./Core/Src/main.o
 .ARM.attributes
                0x00000000000000ee       0x34 ./Core/Src/sht31.o
 .ARM.attributes
                0x0000000000000122       0x34 ./Core/Src/stm32f4xx_hal_msp.o
 .ARM.attributes
                0x0000000000000156       0x34 ./Core/Src/stm32f4xx_it.o
 .ARM.attributes
                0x000000000000018a       0x34 ./Core/Src/system_stm32f4xx.o
 .ARM.attributes
                0x00000000000001be       0x34 ./Core/Src/usart.o
 .ARM.attributes
                0x00000000000001f2       0x21 ./Core/Startup/startup_stm32f446retx.o
 .ARM.attributes
                0x0000000000000213       0x34 ./Drivers/STM32F4xx_HAL_Driver/Src/stm32f4xx_hal.o
 .ARM.attributes
                0x0000000000000247       0x34 ./Drivers/STM32F4xx_HAL_Driver/Src/stm32f4xx_hal_cortex.o
 .ARM.attributes
                0x000000000000027b       0x34 ./Drivers/STM32F4xx_HAL_Driver/Src/stm32f4xx_hal_gpio.o
 .ARM.attributes
                0x00000000000002af       0x34 ./Drivers/STM32F4xx_HAL_Driver/Src/stm32f4xx_hal_i2c.o
 .ARM.attributes
                0x00000000000002e3       0x34 ./Drivers/STM32F4xx_HAL_Driver/Src/stm32f4xx_hal_rcc.o
 .ARM.attributes
                0x0000000000000317       0x34 ./Drivers/STM32F4xx_HAL_Driver/Src/stm32f4xx_hal_rcc_ex.o
 .ARM.attributes
                0x000000000000034b       0x34 ./Drivers/STM32F4xx_HAL_Driver/Src/stm32f4xx_hal_uart.o
 .ARM.attributes
                0x000000000000037f       0x34 A:/Softwares/ST/STM32CubeIDE_1.13.0/STM32CubeIDE/plugins/com.st.stm32cube.ide.mcu.externaltools.gnu-tools-for-stm32.11.3.rel1.win32_1.1.0.202305231506/tools/bin/../lib/gcc/arm-none-eabi/11.3.1/../../../../arm-none-eabi/lib/thumb/v7e-m+fp/hard\libc_nano.a(libc_a-memset.o)
 .ARM.attributes
                0x00000000000003b3       0x34 A:/Softwares/ST/STM32CubeIDE_1.13.0/STM32CubeIDE/plugins/com.st.stm32cube.ide.mcu.externaltools.gnu-tools-for-stm32.11.3.rel1.win32_1.1.0.202305231506/tools/bin/../lib/gcc/arm-none-eabi/11.3.1/../../../../arm-none-eabi/lib/thumb/v7e-m+fp/hard\libc_nano.a(libc_a-init.o)
 .ARM.attributes
                0x00000000000003e7       0x1e A:/Softwares/ST/STM32CubeIDE_1.13.0/STM32CubeIDE/plugins/com.st.stm32cube.ide.mcu.externaltools.gnu-tools-for-stm32.11.3.rel1.win32_1.1.0.202305231506/tools/bin/../lib/gcc/arm-none-eabi/11.3.1/thumb/v7e-m+fp/hard\libgcc.a(_arm_addsubdf3.o)
 .ARM.attributes
                0x0000000000000405       0x1e A:/Softwares/ST/STM32CubeIDE_1.13.0/STM32CubeIDE/plugins/com.st.stm32cube.ide.mcu.externaltools.gnu-tools-for-stm32.11.3.rel1.win32_1.1.0.202305231506/tools/bin/../lib/gcc/arm-none-eabi/11.3.1/thumb/v7e-m+fp/hard\libgcc.a(_arm_muldivdf3.o)
 .ARM.attributes
                0x0000000000000423       0x1e A:/Softwares/ST/STM32CubeIDE_1.13.0/STM32CubeIDE/plugins/com.st.stm32cube.ide.mcu.externaltools.gnu-tools-for-stm32.11.3.rel1.win32_1.1.0.202305231506/tools/bin/../lib/gcc/arm-none-eabi/11.3.1/thumb/v7e-m+fp/hard\libgcc.a(_arm_truncdfsf2.o)
 .ARM.attributes
                0x0000000000000441       0x1e A:/Softwares/ST/STM32CubeIDE_1.13.0/STM32CubeIDE/plugins/com.st.stm32cube.ide.mcu.externaltools.gnu-tools-for-stm32.11.3.rel1.win32_1.1.0.202305231506/tools/bin/../lib/gcc/arm-none-eabi/11.3.1/thumb/v7e-m+fp/hard\libgcc.a(_aeabi_uldivmod.o)
 .ARM.attributes
                0x000000000000045f       0x34 A:/Softwares/ST/STM32CubeIDE_1.13.0/STM32CubeIDE/plugins/com.st.stm32cube.ide.mcu.externaltools.gnu-tools-for-stm32.11.3.rel1.win32_1.1.0.202305231506/tools/bin/../lib/gcc/arm-none-eabi/11.3.1/thumb/v7e-m+fp/hard\libgcc.a(_udivmoddi4.o)
 .ARM.attributes
                0x0000000000000493       0x1e A:/Softwares/ST/STM32CubeIDE_1.13.0/STM32CubeIDE/plugins/com.st.stm32cube.ide.mcu.externaltools.gnu-tools-for-stm32.11.3.rel1.win32_1.1.0.202305231506/tools/bin/../lib/gcc/arm-none-eabi/11.3.1/thumb/v7e-m+fp/hard\libgcc.a(_dvmd_tls.o)
 .ARM.attributes
                0x00000000000004b1       0x1e A:/Softwares/ST/STM32CubeIDE_1.13.0/STM32CubeIDE/plugins/com.st.stm32cube.ide.mcu.externaltools.gnu-tools-for-stm32.11.3.rel1.win32_1.1.0.202305231506/tools/bin/../lib/gcc/arm-none-eabi/11.3.1/thumb/v7e-m+fp/hard/crtn.o
OUTPUT(TestI2C.elf elf32-littlearm)
LOAD linker stubs
LOAD A:/Softwares/ST/STM32CubeIDE_1.13.0/STM32CubeIDE/plugins/com.st.stm32cube.ide.mcu.externaltools.gnu-tools-for-stm32.11.3.rel1.win32_1.1.0.202305231506/tools/bin/../lib/gcc/arm-none-eabi/11.3.1/../../../../arm-none-eabi/lib/thumb/v7e-m+fp/hard\libc.a
LOAD A:/Softwares/ST/STM32CubeIDE_1.13.0/STM32CubeIDE/plugins/com.st.stm32cube.ide.mcu.externaltools.gnu-tools-for-stm32.11.3.rel1.win32_1.1.0.202305231506/tools/bin/../lib/gcc/arm-none-eabi/11.3.1/../../../../arm-none-eabi/lib/thumb/v7e-m+fp/hard\libm.a
LOAD A:/Softwares/ST/STM32CubeIDE_1.13.0/STM32CubeIDE/plugins/com.st.stm32cube.ide.mcu.externaltools.gnu-tools-for-stm32.11.3.rel1.win32_1.1.0.202305231506/tools/bin/../lib/gcc/arm-none-eabi/11.3.1/thumb/v7e-m+fp/hard\libgcc.a

.comment        0x0000000000000000       0x43
 .comment       0x0000000000000000       0x43 A:/Softwares/ST/STM32CubeIDE_1.13.0/STM32CubeIDE/plugins/com.st.stm32cube.ide.mcu.externaltools.gnu-tools-for-stm32.11.3.rel1.win32_1.1.0.202305231506/tools/bin/../lib/gcc/arm-none-eabi/11.3.1/thumb/v7e-m+fp/hard/crtbegin.o
                                         0x44 (size before relaxing)
 .comment       0x0000000000000043       0x44 ./Core/Src/gpio.o
 .comment       0x0000000000000043       0x44 ./Core/Src/i2c.o
 .comment       0x0000000000000043       0x44 ./Core/Src/main.o
 .comment       0x0000000000000043       0x44 ./Core/Src/sht31.o
 .comment       0x0000000000000043       0x44 ./Core/Src/stm32f4xx_hal_msp.o
 .comment       0x0000000000000043       0x44 ./Core/Src/stm32f4xx_it.o
 .comment       0x0000000000000043       0x44 ./Core/Src/system_stm32f4xx.o
 .comment       0x0000000000000043       0x44 ./Core/Src/usart.o
 .comment       0x0000000000000043       0x44 ./Drivers/STM32F4xx_HAL_Driver/Src/stm32f4xx_hal.o
 .comment       0x0000000000000043       0x44 ./Drivers/STM32F4xx_HAL_Driver/Src/stm32f4xx_hal_cortex.o
 .comment       0x0000000000000043       0x44 ./Drivers/STM32F4xx_HAL_Driver/Src/stm32f4xx_hal_gpio.o
 .comment       0x0000000000000043       0x44 ./Drivers/STM32F4xx_HAL_Driver/Src/stm32f4xx_hal_i2c.o
 .comment       0x0000000000000043       0x44 ./Drivers/STM32F4xx_HAL_Driver/Src/stm32f4xx_hal_rcc.o
 .comment       0x0000000000000043       0x44 ./Drivers/STM32F4xx_HAL_Driver/Src/stm32f4xx_hal_rcc_ex.o
 .comment       0x0000000000000043       0x44 ./Drivers/STM32F4xx_HAL_Driver/Src/stm32f4xx_hal_uart.o

.debug_info     0x0000000000000000     0xbaf0
 .debug_info    0x0000000000000000      0x439 ./Core/Src/gpio.o
 .debug_info    0x0000000000000439      0x9a4 ./Core/Src/i2c.o
 .debug_info    0x0000000000000ddd      0xbb8 ./Core/Src/main.o
 .debug_info    0x0000000000001995      0xb0c ./Core/Src/sht31.o
 .debug_info    0x00000000000024a1      0x2ac ./Core/Src/stm32f4xx_hal_msp.o
 .debug_info    0x000000000000274d      0x112 ./Core/Src/stm32f4xx_it.o
 .debug_info    0x000000000000285f      0x54a ./Core/Src/system_stm32f4xx.o
 .debug_info    0x0000000000002da9      0x92f ./Core/Src/usart.o
 .debug_info    0x00000000000036d8       0x23 ./Core/Startup/startup_stm32f446retx.o
 .debug_info    0x00000000000036fb      0x99e ./Drivers/STM32F4xx_HAL_Driver/Src/stm32f4xx_hal.o
 .debug_info    0x0000000000004099      0xd64 ./Drivers/STM32F4xx_HAL_Driver/Src/stm32f4xx_hal_cortex.o
 .debug_info    0x0000000000004dfd      0x70b ./Drivers/STM32F4xx_HAL_Driver/Src/stm32f4xx_hal_gpio.o
 .debug_info    0x0000000000005508     0x23ed ./Drivers/STM32F4xx_HAL_Driver/Src/stm32f4xx_hal_i2c.o
 .debug_info    0x00000000000078f5      0x8ed ./Drivers/STM32F4xx_HAL_Driver/Src/stm32f4xx_hal_rcc.o
 .debug_info    0x00000000000081e2      0x956 ./Drivers/STM32F4xx_HAL_Driver/Src/stm32f4xx_hal_rcc_ex.o
 .debug_info    0x0000000000008b38     0x2fb8 ./Drivers/STM32F4xx_HAL_Driver/Src/stm32f4xx_hal_uart.o

.debug_abbrev   0x0000000000000000     0x1e28
 .debug_abbrev  0x0000000000000000      0x152 ./Core/Src/gpio.o
 .debug_abbrev  0x0000000000000152      0x1f1 ./Core/Src/i2c.o
 .debug_abbrev  0x0000000000000343      0x279 ./Core/Src/main.o
 .debug_abbrev  0x00000000000005bc      0x257 ./Core/Src/sht31.o
 .debug_abbrev  0x0000000000000813       0xf4 ./Core/Src/stm32f4xx_hal_msp.o
 .debug_abbrev  0x0000000000000907       0x73 ./Core/Src/stm32f4xx_it.o
 .debug_abbrev  0x000000000000097a      0x11a ./Core/Src/system_stm32f4xx.o
 .debug_abbrev  0x0000000000000a94      0x1f9 ./Core/Src/usart.o
 .debug_abbrev  0x0000000000000c8d       0x12 ./Core/Startup/startup_stm32f446retx.o
 .debug_abbrev  0x0000000000000c9f      0x213 ./Drivers/STM32F4xx_HAL_Driver/Src/stm32f4xx_hal.o
 .debug_abbrev  0x0000000000000eb2      0x327 ./Drivers/STM32F4xx_HAL_Driver/Src/stm32f4xx_hal_cortex.o
 .debug_abbrev  0x00000000000011d9      0x1d4 ./Drivers/STM32F4xx_HAL_Driver/Src/stm32f4xx_hal_gpio.o
 .debug_abbrev  0x00000000000013ad      0x2ad ./Drivers/STM32F4xx_HAL_Driver/Src/stm32f4xx_hal_i2c.o
 .debug_abbrev  0x000000000000165a      0x2b6 ./Drivers/STM32F4xx_HAL_Driver/Src/stm32f4xx_hal_rcc.o
 .debug_abbrev  0x0000000000001910      0x20a ./Drivers/STM32F4xx_HAL_Driver/Src/stm32f4xx_hal_rcc_ex.o
 .debug_abbrev  0x0000000000001b1a      0x30e ./Drivers/STM32F4xx_HAL_Driver/Src/stm32f4xx_hal_uart.o

.debug_aranges  0x0000000000000000      0x9e8
 .debug_aranges
                0x0000000000000000       0x20 ./Core/Src/gpio.o
 .debug_aranges
                0x0000000000000020       0x30 ./Core/Src/i2c.o
 .debug_aranges
                0x0000000000000050       0x30 ./Core/Src/main.o
 .debug_aranges
                0x0000000000000080       0x68 ./Core/Src/sht31.o
 .debug_aranges
                0x00000000000000e8       0x20 ./Core/Src/stm32f4xx_hal_msp.o
 .debug_aranges
                0x0000000000000108       0x60 ./Core/Src/stm32f4xx_it.o
 .debug_aranges
                0x0000000000000168       0x28 ./Core/Src/system_stm32f4xx.o
 .debug_aranges
                0x0000000000000190       0x30 ./Core/Src/usart.o
 .debug_aranges
                0x00000000000001c0       0x28 ./Core/Startup/startup_stm32f446retx.o
 .debug_aranges
                0x00000000000001e8       0xf0 ./Drivers/STM32F4xx_HAL_Driver/Src/stm32f4xx_hal.o
 .debug_aranges
                0x00000000000002d8      0x118 ./Drivers/STM32F4xx_HAL_Driver/Src/stm32f4xx_hal_cortex.o
 .debug_aranges
                0x00000000000003f0       0x58 ./Drivers/STM32F4xx_HAL_Driver/Src/stm32f4xx_hal_gpio.o
 .debug_aranges
                0x0000000000000448      0x2a0 ./Drivers/STM32F4xx_HAL_Driver/Src/stm32f4xx_hal_i2c.o
 .debug_aranges
                0x00000000000006e8       0x88 ./Drivers/STM32F4xx_HAL_Driver/Src/stm32f4xx_hal_rcc.o
 .debug_aranges
                0x0000000000000770       0x78 ./Drivers/STM32F4xx_HAL_Driver/Src/stm32f4xx_hal_rcc_ex.o
 .debug_aranges
                0x00000000000007e8      0x200 ./Drivers/STM32F4xx_HAL_Driver/Src/stm32f4xx_hal_uart.o

.debug_rnglists
                0x0000000000000000      0x7b3
 .debug_rnglists
                0x0000000000000000       0x14 ./Core/Src/gpio.o
 .debug_rnglists
                0x0000000000000014       0x20 ./Core/Src/i2c.o
 .debug_rnglists
                0x0000000000000034       0x20 ./Core/Src/main.o
 .debug_rnglists
                0x0000000000000054       0x4a ./Core/Src/sht31.o
 .debug_rnglists
                0x000000000000009e       0x13 ./Core/Src/stm32f4xx_hal_msp.o
 .debug_rnglists
                0x00000000000000b1       0x43 ./Core/Src/stm32f4xx_it.o
 .debug_rnglists
                0x00000000000000f4       0x1a ./Core/Src/system_stm32f4xx.o
 .debug_rnglists
                0x000000000000010e       0x20 ./Core/Src/usart.o
 .debug_rnglists
                0x000000000000012e       0x19 ./Core/Startup/startup_stm32f446retx.o
 .debug_rnglists
                0x0000000000000147       0xaf ./Drivers/STM32F4xx_HAL_Driver/Src/stm32f4xx_hal.o
 .debug_rnglists
                0x00000000000001f6       0xce ./Drivers/STM32F4xx_HAL_Driver/Src/stm32f4xx_hal_cortex.o
 .debug_rnglists
                0x00000000000002c4       0x3f ./Drivers/STM32F4xx_HAL_Driver/Src/stm32f4xx_hal_gpio.o
 .debug_rnglists
                0x0000000000000303      0x235 ./Drivers/STM32F4xx_HAL_Driver/Src/stm32f4xx_hal_i2c.o
 .debug_rnglists
                0x0000000000000538       0x66 ./Drivers/STM32F4xx_HAL_Driver/Src/stm32f4xx_hal_rcc.o
 .debug_rnglists
                0x000000000000059e       0x5e ./Drivers/STM32F4xx_HAL_Driver/Src/stm32f4xx_hal_rcc_ex.o
 .debug_rnglists
                0x00000000000005fc      0x1b7 ./Drivers/STM32F4xx_HAL_Driver/Src/stm32f4xx_hal_uart.o

.debug_macro    0x0000000000000000    0x2102d
 .debug_macro   0x0000000000000000      0x1ec ./Core/Src/gpio.o
 .debug_macro   0x00000000000001ec      0xaa8 ./Core/Src/gpio.o
 .debug_macro   0x0000000000000c94      0x29b ./Core/Src/gpio.o
 .debug_macro   0x0000000000000f2f       0x2e ./Core/Src/gpio.o
 .debug_macro   0x0000000000000f5d       0x28 ./Core/Src/gpio.o
 .debug_macro   0x0000000000000f85       0x22 ./Core/Src/gpio.o
 .debug_macro   0x0000000000000fa7       0x8e ./Core/Src/gpio.o
 .debug_macro   0x0000000000001035       0x51 ./Core/Src/gpio.o
 .debug_macro   0x0000000000001086      0x103 ./Core/Src/gpio.o
 .debug_macro   0x0000000000001189       0x6a ./Core/Src/gpio.o
 .debug_macro   0x00000000000011f3      0x1df ./Core/Src/gpio.o
 .debug_macro   0x00000000000013d2       0x1c ./Core/Src/gpio.o
 .debug_macro   0x00000000000013ee       0x22 ./Core/Src/gpio.o
 .debug_macro   0x0000000000001410       0xd9 ./Core/Src/gpio.o
 .debug_macro   0x00000000000014e9     0x102d ./Core/Src/gpio.o
 .debug_macro   0x0000000000002516      0x11f ./Core/Src/gpio.o
 .debug_macro   0x0000000000002635    0x16749 ./Core/Src/gpio.o
 .debug_macro   0x0000000000018d7e       0x6d ./Core/Src/gpio.o
 .debug_macro   0x0000000000018deb     0x367e ./Core/Src/gpio.o
 .debug_macro   0x000000000001c469      0x174 ./Core/Src/gpio.o
 .debug_macro   0x000000000001c5dd       0x5c ./Core/Src/gpio.o
 .debug_macro   0x000000000001c639      0xc90 ./Core/Src/gpio.o
 .debug_macro   0x000000000001d2c9      0x9fe ./Core/Src/gpio.o
 .debug_macro   0x000000000001dcc7      0x115 ./Core/Src/gpio.o
 .debug_macro   0x000000000001dddc      0x1a0 ./Core/Src/gpio.o
 .debug_macro   0x000000000001df7c       0xa5 ./Core/Src/gpio.o
 .debug_macro   0x000000000001e021      0x16d ./Core/Src/gpio.o
 .debug_macro   0x000000000001e18e      0x287 ./Core/Src/gpio.o
 .debug_macro   0x000000000001e415       0x5f ./Core/Src/gpio.o
 .debug_macro   0x000000000001e474      0x236 ./Core/Src/gpio.o
 .debug_macro   0x000000000001e6aa      0x132 ./Core/Src/gpio.o
 .debug_macro   0x000000000001e7dc      0x29c ./Core/Src/gpio.o
 .debug_macro   0x000000000001ea78       0x2e ./Core/Src/gpio.o
 .debug_macro   0x000000000001eaa6      0x1b5 ./Core/Src/gpio.o
 .debug_macro   0x000000000001ec5b       0x22 ./Core/Src/gpio.o
 .debug_macro   0x000000000001ec7d       0xd6 ./Core/Src/gpio.o
 .debug_macro   0x000000000001ed53      0x11a ./Core/Src/gpio.o
 .debug_macro   0x000000000001ee6d       0xe8 ./Core/Src/gpio.o
 .debug_macro   0x000000000001ef55       0x89 ./Core/Src/gpio.o
 .debug_macro   0x000000000001efde      0x295 ./Core/Src/gpio.o
 .debug_macro   0x000000000001f273      0x126 ./Core/Src/gpio.o
 .debug_macro   0x000000000001f399       0x58 ./Core/Src/gpio.o
 .debug_macro   0x000000000001f3f1      0x1ec ./Core/Src/i2c.o
 .debug_macro   0x000000000001f5dd      0x20d ./Core/Src/main.o
 .debug_macro   0x000000000001f7ea       0x9a ./Core/Src/main.o
 .debug_macro   0x000000000001f884      0x1f1 ./Core/Src/sht31.o
 .debug_macro   0x000000000001fa75       0x94 ./Core/Src/sht31.o
 .debug_macro   0x000000000001fb09      0x1e2 ./Core/Src/stm32f4xx_hal_msp.o
 .debug_macro   0x000000000001fceb      0x1ec ./Core/Src/stm32f4xx_it.o
 .debug_macro   0x000000000001fed7      0x1d3 ./Core/Src/system_stm32f4xx.o
 .debug_macro   0x00000000000200aa      0x1ec ./Core/Src/usart.o
 .debug_macro   0x0000000000020296      0x233 ./Drivers/STM32F4xx_HAL_Driver/Src/stm32f4xx_hal.o
 .debug_macro   0x00000000000204c9      0x1d3 ./Drivers/STM32F4xx_HAL_Driver/Src/stm32f4xx_hal_cortex.o
 .debug_macro   0x000000000002069c      0x1d9 ./Drivers/STM32F4xx_HAL_Driver/Src/stm32f4xx_hal_gpio.o
 .debug_macro   0x0000000000020875      0x21a ./Drivers/STM32F4xx_HAL_Driver/Src/stm32f4xx_hal_i2c.o
 .debug_macro   0x0000000000020a8f      0x1f7 ./Drivers/STM32F4xx_HAL_Driver/Src/stm32f4xx_hal_rcc.o
 .debug_macro   0x0000000000020c86      0x1d3 ./Drivers/STM32F4xx_HAL_Driver/Src/stm32f4xx_hal_rcc_ex.o
 .debug_macro   0x0000000000020e59      0x1d4 ./Drivers/STM32F4xx_HAL_Driver/Src/stm32f4xx_hal_uart.o

.debug_line     0x0000000000000000     0xe87a
 .debug_line    0x0000000000000000      0x758 ./Core/Src/gpio.o
 .debug_line    0x0000000000000758      0x7a8 ./Core/Src/i2c.o
 .debug_line    0x0000000000000f00      0x7ed ./Core/Src/main.o
 .debug_line    0x00000000000016ed      0x94a ./Core/Src/sht31.o
 .debug_line    0x0000000000002037      0x740 ./Core/Src/stm32f4xx_hal_msp.o
 .debug_line    0x0000000000002777      0x801 ./Core/Src/stm32f4xx_it.o
 .debug_line    0x0000000000002f78      0x7c0 ./Core/Src/system_stm32f4xx.o
 .debug_line    0x0000000000003738      0x7a8 ./Core/Src/usart.o
 .debug_line    0x0000000000003ee0       0x7a ./Core/Startup/startup_stm32f446retx.o
 .debug_line    0x0000000000003f5a      0xa26 ./Drivers/STM32F4xx_HAL_Driver/Src/stm32f4xx_hal.o
 .debug_line    0x0000000000004980      0xcd5 ./Drivers/STM32F4xx_HAL_Driver/Src/stm32f4xx_hal_cortex.o
 .debug_line    0x0000000000005655      0xb86 ./Drivers/STM32F4xx_HAL_Driver/Src/stm32f4xx_hal_gpio.o
 .debug_line    0x00000000000061db     0x39e8 ./Drivers/STM32F4xx_HAL_Driver/Src/stm32f4xx_hal_i2c.o
 .debug_line    0x0000000000009bc3      0xdab ./Drivers/STM32F4xx_HAL_Driver/Src/stm32f4xx_hal_rcc.o
 .debug_line    0x000000000000a96e     0x1444 ./Drivers/STM32F4xx_HAL_Driver/Src/stm32f4xx_hal_rcc_ex.o
 .debug_line    0x000000000000bdb2     0x2ac8 ./Drivers/STM32F4xx_HAL_Driver/Src/stm32f4xx_hal_uart.o

.debug_str      0x0000000000000000    0xc7181
 .debug_str     0x0000000000000000    0xc3a16 ./Core/Src/gpio.o
                                      0xc3ca3 (size before relaxing)
 .debug_str     0x00000000000c3a16      0x540 ./Core/Src/i2c.o
                                      0xc41d7 (size before relaxing)
 .debug_str     0x00000000000c3f56      0x6f9 ./Core/Src/main.o
                                      0xc481d (size before relaxing)
 .debug_str     0x00000000000c464f      0x166 ./Core/Src/sht31.o
                                      0xc468d (size before relaxing)
 .debug_str     0x00000000000c47b5       0x49 ./Core/Src/stm32f4xx_hal_msp.o
                                      0xc3bf5 (size before relaxing)
 .debug_str     0x00000000000c47fe       0xc9 ./Core/Src/stm32f4xx_it.o
                                      0xc3b39 (size before relaxing)
 .debug_str     0x00000000000c48c7       0xdb ./Core/Src/system_stm32f4xx.o
                                      0xc3b62 (size before relaxing)
 .debug_str     0x00000000000c49a2      0x20c ./Core/Src/usart.o
                                      0xc4138 (size before relaxing)
 .debug_str     0x00000000000c4bae       0x34 ./Core/Startup/startup_stm32f446retx.o
                                         0x70 (size before relaxing)
 .debug_str     0x00000000000c4be2      0xb05 ./Drivers/STM32F4xx_HAL_Driver/Src/stm32f4xx_hal.o
                                      0xc4727 (size before relaxing)
 .debug_str     0x00000000000c56e7      0x354 ./Drivers/STM32F4xx_HAL_Driver/Src/stm32f4xx_hal_cortex.o
                                      0xc4435 (size before relaxing)
 .debug_str     0x00000000000c5a3b      0x121 ./Drivers/STM32F4xx_HAL_Driver/Src/stm32f4xx_hal_gpio.o
                                      0xc3cdd (size before relaxing)
 .debug_str     0x00000000000c5b5c      0xae6 ./Drivers/STM32F4xx_HAL_Driver/Src/stm32f4xx_hal_i2c.o
                                      0xc4b0d (size before relaxing)
 .debug_str     0x00000000000c6642      0x213 ./Drivers/STM32F4xx_HAL_Driver/Src/stm32f4xx_hal_rcc.o
                                      0xc3f9b (size before relaxing)
 .debug_str     0x00000000000c6855      0x324 ./Drivers/STM32F4xx_HAL_Driver/Src/stm32f4xx_hal_rcc_ex.o
                                      0xc3fce (size before relaxing)
 .debug_str     0x00000000000c6b79      0x608 ./Drivers/STM32F4xx_HAL_Driver/Src/stm32f4xx_hal_uart.o
                                      0xc4510 (size before relaxing)

.debug_frame    0x0000000000000000     0x2918
 .debug_frame   0x0000000000000000       0x34 ./Core/Src/gpio.o
 .debug_frame   0x0000000000000034       0x74 ./Core/Src/i2c.o
 .debug_frame   0x00000000000000a8       0x68 ./Core/Src/main.o
 .debug_frame   0x0000000000000110      0x17c ./Core/Src/sht31.o
 .debug_frame   0x000000000000028c       0x34 ./Core/Src/stm32f4xx_hal_msp.o
 .debug_frame   0x00000000000002c0      0x104 ./Core/Src/stm32f4xx_it.o
 .debug_frame   0x00000000000003c4       0x58 ./Core/Src/system_stm32f4xx.o
 .debug_frame   0x000000000000041c       0x74 ./Core/Src/usart.o
 .debug_frame   0x0000000000000490      0x374 ./Drivers/STM32F4xx_HAL_Driver/Src/stm32f4xx_hal.o
 .debug_frame   0x0000000000000804      0x498 ./Drivers/STM32F4xx_HAL_Driver/Src/stm32f4xx_hal_cortex.o
 .debug_frame   0x0000000000000c9c      0x14c ./Drivers/STM32F4xx_HAL_Driver/Src/stm32f4xx_hal_gpio.o
 .debug_frame   0x0000000000000de8      0xc5c ./Drivers/STM32F4xx_HAL_Driver/Src/stm32f4xx_hal_i2c.o
 .debug_frame   0x0000000000001a44      0x1f4 ./Drivers/STM32F4xx_HAL_Driver/Src/stm32f4xx_hal_rcc.o
 .debug_frame   0x0000000000001c38      0x1e8 ./Drivers/STM32F4xx_HAL_Driver/Src/stm32f4xx_hal_rcc_ex.o
 .debug_frame   0x0000000000001e20      0x92c ./Drivers/STM32F4xx_HAL_Driver/Src/stm32f4xx_hal_uart.o
 .debug_frame   0x000000000000274c       0x20 A:/Softwares/ST/STM32CubeIDE_1.13.0/STM32CubeIDE/plugins/com.st.stm32cube.ide.mcu.externaltools.gnu-tools-for-stm32.11.3.rel1.win32_1.1.0.202305231506/tools/bin/../lib/gcc/arm-none-eabi/11.3.1/../../../../arm-none-eabi/lib/thumb/v7e-m+fp/hard\libc_nano.a(libc_a-memset.o)
 .debug_frame   0x000000000000276c       0x2c A:/Softwares/ST/STM32CubeIDE_1.13.0/STM32CubeIDE/plugins/com.st.stm32cube.ide.mcu.externaltools.gnu-tools-for-stm32.11.3.rel1.win32_1.1.0.202305231506/tools/bin/../lib/gcc/arm-none-eabi/11.3.1/../../../../arm-none-eabi/lib/thumb/v7e-m+fp/hard\libc_nano.a(libc_a-init.o)
 .debug_frame   0x0000000000002798       0xac A:/Softwares/ST/STM32CubeIDE_1.13.0/STM32CubeIDE/plugins/com.st.stm32cube.ide.mcu.externaltools.gnu-tools-for-stm32.11.3.rel1.win32_1.1.0.202305231506/tools/bin/../lib/gcc/arm-none-eabi/11.3.1/thumb/v7e-m+fp/hard\libgcc.a(_arm_addsubdf3.o)
 .debug_frame   0x0000000000002844       0x50 A:/Softwares/ST/STM32CubeIDE_1.13.0/STM32CubeIDE/plugins/com.st.stm32cube.ide.mcu.externaltools.gnu-tools-for-stm32.11.3.rel1.win32_1.1.0.202305231506/tools/bin/../lib/gcc/arm-none-eabi/11.3.1/thumb/v7e-m+fp/hard\libgcc.a(_arm_muldivdf3.o)
 .debug_frame   0x0000000000002894       0x24 A:/Softwares/ST/STM32CubeIDE_1.13.0/STM32CubeIDE/plugins/com.st.stm32cube.ide.mcu.externaltools.gnu-tools-for-stm32.11.3.rel1.win32_1.1.0.202305231506/tools/bin/../lib/gcc/arm-none-eabi/11.3.1/thumb/v7e-m+fp/hard\libgcc.a(_arm_truncdfsf2.o)
 .debug_frame   0x00000000000028b8       0x2c A:/Softwares/ST/STM32CubeIDE_1.13.0/STM32CubeIDE/plugins/com.st.stm32cube.ide.mcu.externaltools.gnu-tools-for-stm32.11.3.rel1.win32_1.1.0.202305231506/tools/bin/../lib/gcc/arm-none-eabi/11.3.1/thumb/v7e-m+fp/hard\libgcc.a(_aeabi_uldivmod.o)
 .debug_frame   0x00000000000028e4       0x34 A:/Softwares/ST/STM32CubeIDE_1.13.0/STM32CubeIDE/plugins/com.st.stm32cube.ide.mcu.externaltools.gnu-tools-for-stm32.11.3.rel1.win32_1.1.0.202305231506/tools/bin/../lib/gcc/arm-none-eabi/11.3.1/thumb/v7e-m+fp/hard\libgcc.a(_udivmoddi4.o)

.debug_line_str
                0x0000000000000000       0x64
 .debug_line_str
                0x0000000000000000       0x64 ./Core/Startup/startup_stm32f446retx.o
                                         0x7c (size before relaxing)
