../Core/Src/sht31.c:26:6:SHT31_Config	24	static
../Core/Src/sht31.c:36:14:SHT31_SendCommand	32	static
../Core/Src/sht31.c:45:14:SHT31_GetBytes	32	static
../Core/Src/sht31.c:53:14:SHT31_GetData	72	static
../Core/Src/sht31.c:112:10:SHT31_GetCommand	16	static
../Core/Src/sht31.c:126:9:SHT31_CRC_8	24	static
../Core/Src/sht31.c:141:7:SHT31_GetHumidity	8	static
../Core/Src/sht31.c:144:7:SHT31_GetTemperature	8	static
../Core/Src/sht31.c:148:10:SHT31_GetHumidity_raw	4	static
../Core/Src/sht31.c:151:10:SHT31_GetTemperature_raw	4	static
