../Core/Src/graphics.c:18:6:GraphicsInit	8	static
../Core/Src/graphics.c:24:6:GraphicsClear	24	static
../Core/Src/graphics.c:29:6:GraphicsPixel	16	static
../Core/Src/graphics.c:34:6:GraphicsVline	40	static
../Core/Src/graphics.c:48:6:GraphicsHline	40	static
../Core/Src/graphics.c:62:6:GraphicsRectangle	24	static
../Core/Src/graphics.c:70:6:GraphicsFilledRectangle	32	static
../Core/Src/graphics.c:75:6:GraphicsStandardCharacter	32	static
../Core/Src/graphics.c:99:6:GraphicsLargeCharacter	32	static
../Core/Src/graphics.c:129:6:GraphicsStandardCharacterVert	32	static
../Core/Src/graphics.c:153:6:GraphicsLargeCharacterVert	32	static
../Core/Src/graphics.c:183:6:GraphicsLine	48	static
../Core/Src/graphics.c:302:6:GraphicsCircle	32	static
../Core/Src/graphics.c:340:6:GraphicsMonochromeBitmap	40	static
../Core/Src/graphics.c:345:6:GraphicsColourBitmap	32	static
../Core/Src/graphics.c:350:6:GraphicsStandardString	32	static
../Core/Src/graphics.c:362:6:GraphicsLargeString	32	static
../Core/Src/graphics.c:374:6:GraphicsStandardStringVert	32	static
../Core/Src/graphics.c:386:6:GraphicsLargeStringVert	32	static
../Core/Src/graphics.c:398:6:GraphicsFilledCircle	40	static
../Core/Src/graphics.c:429:6:GraphicsRotateShape	48	static
../Core/Src/graphics.c:444:6:GraphicsScaleShape	32	static
../Core/Src/graphics.c:455:6:GraphicsDrawShape	48	static
../Core/Src/graphics.c:467:6:GraphicsDrawFilledShape	72	static
../Core/Src/graphics.c:551:6:GraphicsArc	48	static
../Core/Src/graphics.c:599:6:GraphicsSegment	32	static
../Core/Src/graphics.c:616:13:arcPoint	32	static
../Core/Src/graphics.c:641:6:GraphicsFilledSegment	48	static
../Core/Src/graphics.c:682:6:GraphicsRoundedRectangle	40	static
../Core/Src/graphics.c:698:13:filledRectangleClip	40	static
