18:20:45 **** Incremental Build of configuration Debug for project ButtonExternalInterrupt ****
make -j12 all 
arm-none-eabi-gcc "../Core/Src/main.c" -mcpu=cortex-m4 -std=gnu11 -g3 -DDEBUG -DUSE_HAL_DRIVER -DSTM32F446xx -c -I../Core/Inc -I../Drivers/STM32F4xx_HAL_Driver/Inc -I../Drivers/STM32F4xx_HAL_Driver/Inc/Legacy -I../Drivers/CMSIS/Device/ST/STM32F4xx/Include -I../Drivers/CMSIS/Include -O0 -ffunction-sections -fdata-sections -Wall -fstack-usage -fcyclomatic-complexity -MMD -MP -MF"Core/Src/main.d" -MT"Core/Src/main.o" --specs=nano.specs -mfpu=fpv4-sp-d16 -mfloat-abi=hard -mthumb -o "Core/Src/main.o"
arm-none-eabi-gcc -o "ButtonExternalInterrupt.elf" @"objects.list"   -mcpu=cortex-m4 -T"A:\Tri\Laptrinh\STM32CubeIDE\workspace_1.13.0\ButtonExternalInterrupt\STM32F446RETX_FLASH.ld" --specs=nosys.specs -Wl,-Map="ButtonExternalInterrupt.map" -Wl,--gc-sections -static --specs=nano.specs -mfpu=fpv4-sp-d16 -mfloat-abi=hard -mthumb -Wl,--start-group -lc -lm -Wl,--end-group
Finished building target: ButtonExternalInterrupt.elf
 
arm-none-eabi-size   ButtonExternalInterrupt.elf 
arm-none-eabi-objdump -h -S  ButtonExternalInterrupt.elf  > "ButtonExternalInterrupt.list"
   text	   data	    bss	    dec	    hex	filename
   8772	     20	   1644	  10436	   28c4	ButtonExternalInterrupt.elf
Finished building: default.size.stdout
 
Finished building: ButtonExternalInterrupt.list
 

18:20:46 Build Finished. 0 errors, 0 warnings. (took 606ms)

