21:10:32 **** Incremental Build of configuration Debug for project STM32F4_ILI9341 ****
make -j12 all 
arm-none-eabi-gcc "../Core/Src/main.c" -mcpu=cortex-m4 -std=gnu11 -g3 -DDEBUG -DUSE_HAL_DRIVER -DSTM32F446xx -c -I../Core/Inc -I../Drivers/STM32F4xx_HAL_Driver/Inc -I../Drivers/STM32F4xx_HAL_Driver/Inc/Legacy -I../Drivers/CMSIS/Device/ST/STM32F4xx/Include -I../Drivers/CMSIS/Include -O0 -ffunction-sections -fdata-sections -Wall -fstack-usage -fcyclomatic-complexity -MMD -MP -MF"Core/Src/main.d" -MT"Core/Src/main.o" --specs=nano.specs -mfpu=fpv4-sp-d16 -mfloat-abi=hard -mthumb -o "Core/Src/main.o"
arm-none-eabi-gcc -o "STM32F4_ILI9341.elf" @"objects.list"   -mcpu=cortex-m4 -T"A:\Tri\Laptrinh\STM32CubeIDE\workspace_1.13.0\STM32F4_ILI9341\STM32F446RETX_FLASH.ld" --specs=nosys.specs -Wl,-Map="STM32F4_ILI9341.map" -Wl,--gc-sections -static --specs=nano.specs -mfpu=fpv4-sp-d16 -mfloat-abi=hard -mthumb -Wl,--start-group -lc -lm -Wl,--end-group
Finished building target: STM32F4_ILI9341.elf
 
arm-none-eabi-size   STM32F4_ILI9341.elf 
arm-none-eabi-objdump -h -S  STM32F4_ILI9341.elf  > "STM32F4_ILI9341.list"
   text	   data	    bss	    dec	    hex	filename
  17912	     20	   1828	  19760	   4d30	STM32F4_ILI9341.elf
Finished building: default.size.stdout
 
Finished building: STM32F4_ILI9341.list
 

21:10:32 Build Finished. 0 errors, 0 warnings. (took 644ms)

