13:55:39 **** Incremental Build of configuration Debug for project TestI2C ****
make -j12 all 
arm-none-eabi-gcc "../Core/Src/main.c" -mcpu=cortex-m4 -std=gnu11 -g3 -DDEBUG -DUSE_HAL_DRIVER -DSTM32F446xx -c -I../Core/Inc -I../Drivers/STM32F4xx_HAL_Driver/Inc -I../Drivers/STM32F4xx_HAL_Driver/Inc/Legacy -I../Drivers/CMSIS/Device/ST/STM32F4xx/Include -I../Drivers/CMSIS/Include -O0 -ffunction-sections -fdata-sections -Wall -fstack-usage -fcyclomatic-complexity -MMD -MP -MF"Core/Src/main.d" -MT"Core/Src/main.o" --specs=nano.specs -mfpu=fpv4-sp-d16 -mfloat-abi=hard -mthumb -o "Core/Src/main.o"
arm-none-eabi-gcc -o "TestI2C.elf" @"objects.list"   -mcpu=cortex-m4 -T"A:\Tri\Laptrinh\STM32CubeIDE\workspace_1.13.0\TestI2C\STM32F446RETX_FLASH.ld" --specs=nosys.specs -Wl,-Map="TestI2C.map" -Wl,--gc-sections -static --specs=nano.specs -mfpu=fpv4-sp-d16 -mfloat-abi=hard -mthumb -Wl,--start-group -lc -lm -Wl,--end-group
Finished building target: TestI2C.elf
 
arm-none-eabi-size   TestI2C.elf 
arm-none-eabi-objdump -h -S  TestI2C.elf  > "TestI2C.list"
   text	   data	    bss	    dec	    hex	filename
  15792	     80	   1768	  17640	   44e8	TestI2C.elf
Finished building: default.size.stdout
 
Finished building: TestI2C.list
 

13:55:40 Build Finished. 0 errors, 0 warnings. (took 827ms)

